2025-08-10 10:43:28 - src.agents.summary_agent - INFO - ğŸ”„ SummaryAgent: Starting to consolidate analyses.
2025-08-10 10:43:28 - src.agents.summary_agent - INFO - ğŸ”„ SummaryAgent: Using model choice: api
2025-08-10 10:43:28 - src.agents.summary_agent - INFO - ğŸ”„ SummaryAgent: Using OpenAI API...
2025-08-10 10:43:28 - src.agents.summary_agent - INFO - ğŸ”„ SummaryAgent: Creating ChatOpenAI with model doubao-seed-1-6-250615
2025-08-10 10:52:26 - src.agents.summary_agent - INFO - ğŸ”„ SummaryAgent: Starting to consolidate analyses.
2025-08-10 10:52:26 - src.agents.summary_agent - INFO - ğŸ”„ SummaryAgent: Using model choice: local
2025-08-10 10:52:26 - src.agents.summary_agent - INFO - ğŸ”„ SummaryAgent: Using local FinR1 model...
2025-08-10 10:52:26 - src.agents.summary_agent - INFO - ğŸ”„ Loading FinR1 model from /root/code/self-learn/FinR1...
2025-08-10 10:52:33 - src.agents.summary_agent - INFO - âœ“ FinR1 model loaded successfully
2025-08-10 10:58:02 - src.agents.summary_agent - INFO - âœ“ SummaryAgent: Final report generated for èŒ…å° (sh.600519).
2025-08-10 10:58:02 - src.agents.summary_agent - DEBUG - Final report preview: # è´µå·èŒ…å°(sh.600519) ç»¼åˆåˆ†ææŠ¥å‘Š

## æ‰§è¡Œæ‘˜è¦
è´µå·èŒ…å°ä½œä¸ºä¸­å›½ç™½é…’è¡Œä¸šçš„é¢†å†›ä¼ä¸šï¼Œå‡­å€Ÿå¼ºå¤§çš„å“ç‰Œå£å’ã€å“è¶Šçš„è´¢åŠ¡è¡¨ç°å’Œç¨³å®šçš„ç°é‡‘æµï¼Œå±•ç°å‡ºæé«˜çš„æŠ•èµ„å¸å¼•åŠ›ã€‚åŸºæœ¬é¢åˆ†ææ˜¾ç¤ºå…¶ç›ˆåˆ©èƒ½åŠ›å¼ºåŠ²ï¼Œæˆé•¿æ€§ç¨³å¥ï¼Œè´¢åŠ¡ç»“æ„æå…¶ç¨³å¥ã€‚æŠ€æœ¯åˆ†ææ­ç¤ºäº†è‚¡ä»·è¿‘æœŸçš„å®½å¹…éœ‡è¡æ ¼å±€ï¼Œä½†æœªå‡ºç°æ˜ç¡®çš„æ–¹å‘æ€§çªç ´ã€‚ä¼°å€¼åˆ†ææŒ‡å‡ºï¼Œè´µå·èŒ…å°çš„ä¼°å€¼æ°´å¹³åœ¨è¡Œä¸šå†…ç›¸å¯¹è¾ƒä½ï¼Œä¸”å…·å¤‡è¾ƒé«˜çš„è‚¡æ¯æ”¶ç›Šç‡å’ŒDCFæ”¯æŒï¼Œå†…åœ¨ä»·å€¼è¢«ä½ä¼°ã€‚æ–°é—»åˆ†æåˆ™åæ˜ äº†å¸‚åœºæƒ…ç»ªçš„æ³¢åŠ¨ï¼Œä½†é•¿æœŸæ¥çœ‹ï¼Œå“ç‰Œæ•ˆåº”å’Œå¸‚åœºéœ€æ±‚çš„ç¨³å®šæ€§å°†åŠ©åŠ›è‚¡ä»·å›å½’åˆç†åŒºé—´ã€‚ç»¼åˆè€ƒè™‘ï¼Œè´µå·èŒ…å°ä»ä¸ºä¼˜è´¨çš„æŠ•èµ„æ ‡çš„ï¼Œå»ºè®®æŠ•èµ„è€…å…³æ³¨å…¶çªç ´ä¿¡å·å¹¶é€‚æ—¶ä»‹å…¥ã€‚

## å…¬å¸æ¦‚å†µ
è´µå·èŒ…å°...
2025-08-10 10:58:02 - src.agents.summary_agent - INFO - âœ“ SummaryAgent: Report saved to /root/code/self-learn/Financial-MCP-Agent/reports/report_èŒ…å°_600519_20250810_105802.md
2025-08-10 11:11:13 - src.agents.summary_agent - INFO - ğŸ”„ SummaryAgent: Starting to consolidate analyses.
2025-08-10 11:11:13 - src.agents.summary_agent - INFO - ğŸ”„ SummaryAgent: Using model choice: local
2025-08-10 11:11:13 - src.agents.summary_agent - INFO - ğŸ”„ SummaryAgent: Using local FinR1 model...
2025-08-10 11:11:13 - src.agents.summary_agent - INFO - ğŸ”„ Loading FinR1 model from /root/code/self-learn/FinR1...
2025-08-10 11:11:20 - src.agents.summary_agent - INFO - âœ“ FinR1 model loaded successfully
2025-08-10 11:16:50 - src.agents.summary_agent - INFO - âœ“ SummaryAgent: Final report generated for èŒ…å° (sh.600519).
2025-08-10 11:16:50 - src.agents.summary_agent - DEBUG - Final report preview: ...
2025-08-10 11:16:50 - src.agents.summary_agent - INFO - âœ“ SummaryAgent: Report saved to /root/code/self-learn/Financial-MCP-Agent/reports/report_èŒ…å°_600519_20250810_111650.md
2025-08-10 11:36:56 - src.agents.summary_agent - INFO - ğŸ”„ SummaryAgent: Starting to consolidate analyses.
2025-08-10 11:36:56 - src.agents.summary_agent - INFO - ğŸ”„ SummaryAgent: Using model choice: local
2025-08-10 11:36:56 - src.agents.summary_agent - INFO - ğŸ”„ SummaryAgent: Using local FinR1 model...
2025-08-10 11:36:56 - src.agents.summary_agent - INFO - ğŸ”„ Loading FinR1 model from /root/code/self-learn/FinR1...
2025-08-10 11:37:02 - src.agents.summary_agent - INFO - âœ“ FinR1 model loaded successfully
2025-08-10 11:42:32 - src.agents.summary_agent - INFO - æˆªæ–­æŠ¥å‘Šåœ¨æ—¶é—´ä¿¡æ¯è¡Œä¹‹åï¼Œæˆªæ–­ä½ç½®: 2118
2025-08-10 11:42:32 - src.agents.summary_agent - INFO - âœ“ SummaryAgent: Final report generated for èŒ…å° (sh.600519).
2025-08-10 11:42:32 - src.agents.summary_agent - DEBUG - Final report preview: # èŒ…å° (sh.600519) ç»¼åˆåˆ†ææŠ¥å‘Š

---

## æ‰§è¡Œæ‘˜è¦
è´µå·èŒ…å°ä½œä¸ºä¸­å›½ç™½é…’è¡Œä¸šçš„é¾™å¤´ä¼ä¸šï¼Œå‡­å€Ÿå…¶å¼ºå¤§çš„å“ç‰Œå£å’å’Œé«˜ç«¯å®šä½ï¼Œåœ¨2024å¹´çš„è´¢åŠ¡è¡¨ç°ä¾æ—§äº®çœ¼ã€‚å°½ç®¡é¢ä¸´å®è§‚ç»æµæ³¢åŠ¨å’Œè¡Œä¸šç«äº‰åŠ å‰§çš„æŒ‘æˆ˜ï¼ŒèŒ…å°é€šè¿‡ä¼˜åŒ–äº§å“ç»“æ„å’Œå¼ºåŒ–ç›´é”€æ¸ é“ï¼Œå±•ç°äº†å“è¶Šçš„æŠ—é£é™©èƒ½åŠ›å’Œæˆé•¿æ½œåŠ›ã€‚æŠ€æœ¯é¢ä¸Šï¼Œè‚¡ç¥¨åœ¨2025å¹´ä¸ŠåŠå¹´ç»å†äº†é˜¶æ®µæ€§å›è°ƒï¼Œä½†æ•´ä½“è¶‹åŠ¿ä¾ç„¶åå¼±ã€‚ä¼°å€¼æ–¹é¢ï¼Œå½“å‰å¸‚ç›ˆç‡ç•¥ä½äºå†å²å‡å€¼ï¼Œå…·å¤‡ä¸€å®šå®‰å…¨è¾¹é™…ã€‚ç»¼åˆæ¥çœ‹ï¼Œè´µå·èŒ…å°æ˜¯é•¿æœŸä»·å€¼æŠ•èµ„è€…çš„ç†æƒ³é€‰æ‹©ã€‚

---

## å…¬å¸æ¦‚å†µ
- **è‚¡ç¥¨ä»£ç **ï¼šsh.600519  
- **å…¬å¸åç§°**ï¼šè´µå·èŒ…å°  
- **ä¸Šå¸‚æ—¥æœŸ**ï¼š2001...
2025-08-10 11:42:32 - src.agents.summary_agent - INFO - âœ“ SummaryAgent: Report saved to /root/code/self-learn/Financial-MCP-Agent/reports/report_èŒ…å°_600519_20250810_114232.md
2025-08-10 20:44:12 - src.agents.summary_agent - INFO - ğŸ”„ SummaryAgent: Starting to consolidate analyses.
2025-08-10 20:44:12 - src.agents.summary_agent - INFO - ğŸ”„ SummaryAgent: Using model choice: local
2025-08-10 20:44:12 - src.agents.summary_agent - INFO - ğŸ”„ SummaryAgent: Using local FinR1 model...
2025-08-10 20:44:12 - src.agents.summary_agent - INFO - ğŸ”„ Loading FinR1 model from /root/code/self-learn/FinR1...
2025-08-10 20:44:12 - src.agents.summary_agent - ERROR - âœ— Failed to load FinR1 model: Repo id must be in the form 'repo_name' or 'namespace/repo_name': '/root/code/self-learn/FinR1'. Use `repo_type` argument if needed.
2025-08-10 20:44:12 - src.agents.summary_agent - ERROR - âœ— SummaryAgent: Error generating final report: Repo id must be in the form 'repo_name' or 'namespace/repo_name': '/root/code/self-learn/FinR1'. Use `repo_type` argument if needed.
Traceback (most recent call last):
  File "/root/miniconda3/lib/python3.12/site-packages/transformers/utils/hub.py", line 479, in cached_files
    hf_hub_download(
  File "/root/miniconda3/lib/python3.12/site-packages/huggingface_hub/utils/_validators.py", line 106, in _inner_fn
    validate_repo_id(arg_value)
  File "/root/miniconda3/lib/python3.12/site-packages/huggingface_hub/utils/_validators.py", line 154, in validate_repo_id
    raise HFValidationError(
huggingface_hub.errors.HFValidationError: Repo id must be in the form 'repo_name' or 'namespace/repo_name': '/root/code/self-learn/FinR1'. Use `repo_type` argument if needed.

During handling of the above exception, another exception occurred:

Traceback (most recent call last):
  File "/root/autodl-tmp/Finance/Financial-MCP-Agent/src/agents/summary_agent.py", line 427, in summary_agent
    model, tokenizer = load_finr1_model()
                       ^^^^^^^^^^^^^^^^^^
  File "/root/autodl-tmp/Finance/Financial-MCP-Agent/src/agents/summary_agent.py", line 115, in load_finr1_model
    raise e
  File "/root/autodl-tmp/Finance/Financial-MCP-Agent/src/agents/summary_agent.py", line 99, in load_finr1_model
    tokenizer = AutoTokenizer.from_pretrained(model_path)
                ^^^^^^^^^^^^^^^^^^^^^^^^^^^^^^^^^^^^^^^^^
  File "/root/miniconda3/lib/python3.12/site-packages/transformers/models/auto/tokenization_auto.py", line 1049, in from_pretrained
    tokenizer_config = get_tokenizer_config(pretrained_model_name_or_path, **kwargs)
                       ^^^^^^^^^^^^^^^^^^^^^^^^^^^^^^^^^^^^^^^^^^^^^^^^^^^^^^^^^^^^^
  File "/root/miniconda3/lib/python3.12/site-packages/transformers/models/auto/tokenization_auto.py", line 881, in get_tokenizer_config
    resolved_config_file = cached_file(
                           ^^^^^^^^^^^^
  File "/root/miniconda3/lib/python3.12/site-packages/transformers/utils/hub.py", line 321, in cached_file
    file = cached_files(path_or_repo_id=path_or_repo_id, filenames=[filename], **kwargs)
           ^^^^^^^^^^^^^^^^^^^^^^^^^^^^^^^^^^^^^^^^^^^^^^^^^^^^^^^^^^^^^^^^^^^^^^^^^^^^^
  File "/root/miniconda3/lib/python3.12/site-packages/transformers/utils/hub.py", line 532, in cached_files
    _get_cache_file_to_return(path_or_repo_id, filename, cache_dir, revision, repo_type)
  File "/root/miniconda3/lib/python3.12/site-packages/transformers/utils/hub.py", line 144, in _get_cache_file_to_return
    resolved_file = try_to_load_from_cache(
                    ^^^^^^^^^^^^^^^^^^^^^^^
  File "/root/miniconda3/lib/python3.12/site-packages/huggingface_hub/utils/_validators.py", line 106, in _inner_fn
    validate_repo_id(arg_value)
  File "/root/miniconda3/lib/python3.12/site-packages/huggingface_hub/utils/_validators.py", line 154, in validate_repo_id
    raise HFValidationError(
huggingface_hub.errors.HFValidationError: Repo id must be in the form 'repo_name' or 'namespace/repo_name': '/root/code/self-learn/FinR1'. Use `repo_type` argument if needed.
2025-08-10 20:44:12 - src.agents.summary_agent - INFO - âœ— SummaryAgent: Error report saved to /root/autodl-tmp/Finance/Financial-MCP-Agent/reports/error_report_è…¾è®¯_00700_20250810_204412.md
2025-08-10 20:52:13 - src.agents.summary_agent - INFO - ğŸ”„ SummaryAgent: Starting to consolidate analyses.
2025-08-10 20:52:13 - src.agents.summary_agent - INFO - ğŸ”„ SummaryAgent: Using model choice: local
2025-08-10 20:52:13 - src.agents.summary_agent - INFO - ğŸ”„ SummaryAgent: Using local FinR1 model...
2025-08-10 20:52:13 - src.agents.summary_agent - INFO - ğŸ”„ Loading FinR1 model from /root/code/self-learn/FinR1...
2025-08-10 20:52:13 - src.agents.summary_agent - ERROR - âœ— Failed to load FinR1 model: Repo id must be in the form 'repo_name' or 'namespace/repo_name': '/root/code/self-learn/FinR1'. Use `repo_type` argument if needed.
2025-08-10 20:52:14 - src.agents.summary_agent - ERROR - âœ— SummaryAgent: Error generating final report: Repo id must be in the form 'repo_name' or 'namespace/repo_name': '/root/code/self-learn/FinR1'. Use `repo_type` argument if needed.
Traceback (most recent call last):
  File "/root/miniconda3/lib/python3.12/site-packages/transformers/utils/hub.py", line 479, in cached_files
    hf_hub_download(
  File "/root/miniconda3/lib/python3.12/site-packages/huggingface_hub/utils/_validators.py", line 106, in _inner_fn
    validate_repo_id(arg_value)
  File "/root/miniconda3/lib/python3.12/site-packages/huggingface_hub/utils/_validators.py", line 154, in validate_repo_id
    raise HFValidationError(
huggingface_hub.errors.HFValidationError: Repo id must be in the form 'repo_name' or 'namespace/repo_name': '/root/code/self-learn/FinR1'. Use `repo_type` argument if needed.

During handling of the above exception, another exception occurred:

Traceback (most recent call last):
  File "/root/autodl-tmp/Finance/Financial-MCP-Agent/src/agents/summary_agent.py", line 427, in summary_agent
    model, tokenizer = load_finr1_model()
                       ^^^^^^^^^^^^^^^^^^
  File "/root/autodl-tmp/Finance/Financial-MCP-Agent/src/agents/summary_agent.py", line 115, in load_finr1_model
    raise e
  File "/root/autodl-tmp/Finance/Financial-MCP-Agent/src/agents/summary_agent.py", line 99, in load_finr1_model
    tokenizer = AutoTokenizer.from_pretrained(model_path)
                ^^^^^^^^^^^^^^^^^^^^^^^^^^^^^^^^^^^^^^^^^
  File "/root/miniconda3/lib/python3.12/site-packages/transformers/models/auto/tokenization_auto.py", line 1049, in from_pretrained
    tokenizer_config = get_tokenizer_config(pretrained_model_name_or_path, **kwargs)
                       ^^^^^^^^^^^^^^^^^^^^^^^^^^^^^^^^^^^^^^^^^^^^^^^^^^^^^^^^^^^^^
  File "/root/miniconda3/lib/python3.12/site-packages/transformers/models/auto/tokenization_auto.py", line 881, in get_tokenizer_config
    resolved_config_file = cached_file(
                           ^^^^^^^^^^^^
  File "/root/miniconda3/lib/python3.12/site-packages/transformers/utils/hub.py", line 321, in cached_file
    file = cached_files(path_or_repo_id=path_or_repo_id, filenames=[filename], **kwargs)
           ^^^^^^^^^^^^^^^^^^^^^^^^^^^^^^^^^^^^^^^^^^^^^^^^^^^^^^^^^^^^^^^^^^^^^^^^^^^^^
  File "/root/miniconda3/lib/python3.12/site-packages/transformers/utils/hub.py", line 532, in cached_files
    _get_cache_file_to_return(path_or_repo_id, filename, cache_dir, revision, repo_type)
  File "/root/miniconda3/lib/python3.12/site-packages/transformers/utils/hub.py", line 144, in _get_cache_file_to_return
    resolved_file = try_to_load_from_cache(
                    ^^^^^^^^^^^^^^^^^^^^^^^
  File "/root/miniconda3/lib/python3.12/site-packages/huggingface_hub/utils/_validators.py", line 106, in _inner_fn
    validate_repo_id(arg_value)
  File "/root/miniconda3/lib/python3.12/site-packages/huggingface_hub/utils/_validators.py", line 154, in validate_repo_id
    raise HFValidationError(
huggingface_hub.errors.HFValidationError: Repo id must be in the form 'repo_name' or 'namespace/repo_name': '/root/code/self-learn/FinR1'. Use `repo_type` argument if needed.
2025-08-10 20:52:14 - src.agents.summary_agent - INFO - âœ— SummaryAgent: Error report saved to /root/autodl-tmp/Finance/Financial-MCP-Agent/reports/error_report_è…¾è®¯_00700_20250810_205213.md
2025-08-10 21:03:34 - src.agents.summary_agent - INFO - ğŸ”„ SummaryAgent: Starting to consolidate analyses.
2025-08-10 21:03:34 - src.agents.summary_agent - INFO - ğŸ”„ SummaryAgent: Using model choice: api
2025-08-10 21:03:34 - src.agents.summary_agent - INFO - ğŸ”„ SummaryAgent: Using OpenAI API...
2025-08-10 21:03:34 - src.agents.summary_agent - INFO - ğŸ”„ SummaryAgent: Creating ChatOpenAI with model doubao-seed-1-6-250615
2025-08-10 21:05:08 - src.agents.summary_agent - INFO - æˆªæ–­æŠ¥å‘Šåœ¨'åˆ†æåŸºå‡†æ—¶é—´'è¡Œä¹‹åï¼Œæˆªæ–­ä½ç½®: 5747
2025-08-10 21:05:08 - src.agents.summary_agent - INFO - âœ“ SummaryAgent: Final report generated for èŒ…å° (sh.600519).
2025-08-10 21:05:08 - src.agents.summary_agent - DEBUG - Final report preview: # [è´µå·èŒ…å°](sh.600519) ç»¼åˆåˆ†ææŠ¥å‘Š

## æ‰§è¡Œæ‘˜è¦
è´µå·èŒ…å°ä½œä¸ºä¸­å›½é«˜ç«¯ç™½é…’è¡Œä¸šç»å¯¹é¾™å¤´ï¼Œå±•ç°å‡ºå“è¶Šçš„ç›ˆåˆ©èƒ½åŠ›ã€è´¢åŠ¡ç¨³å¥æ€§å’Œå¸‚åœºç«äº‰åŠ›ã€‚å½“å‰ä¼°å€¼å¤„äºå†å²ç›¸å¯¹ä½ä½ï¼ŒåŸºæœ¬é¢å¼ºåŠ²æ”¯æ’‘é•¿æœŸæŠ•èµ„ä»·å€¼ã€‚æŠ€æœ¯é¢æ˜¾ç¤ºçŸ­æœŸéœ‡è¡æ•´ç†ä½†ä¸­é•¿æœŸè¶‹åŠ¿å‘å¥½ã€‚è¿‘æœŸå…¬å¸åœ¨å“ç‰Œå»ºè®¾ã€äº§å“åˆ›æ–°å’Œäººæ‰å‚¨å¤‡æ–¹é¢æŒç»­å‘åŠ›ï¼Œå¸‚åœºæƒ…ç»ªæ•´ä½“ç§¯æã€‚ç»¼åˆè¯„ä¼°ï¼š**é£é™©ç­‰çº§ï¼šä¸­ä½**ï¼Œ**é¢„æœŸå›æŠ¥ï¼šä¸­é•¿æœŸå¹´åŒ–10-15%**ï¼Œå»ºè®®æŠ•èµ„è€…ç°ä»·åˆ†æ‰¹å»ºä»“ï¼Œé€‚åˆé•¿æœŸä»·å€¼æŠ•èµ„è€…æŒæœ‰ã€‚

## å…¬å¸æ¦‚å†µ
è´µå·èŒ…å°(sh.600519)æ˜¯ä¸­å›½é«˜ç«¯ç™½é…’è¡Œä¸šçš„ç»å¯¹é¢†å¯¼è€…ï¼Œå±äºè¯ç›‘ä¼šè¡Œä¸šåˆ†ç±»ä¸­çš„C15é…’ã€é¥®æ–™å’Œç²¾åˆ¶èŒ¶åˆ¶é€ ä¸šã€‚å…¬å¸æ ¸å¿ƒä¸šåŠ¡ä¸ºèŒ…å°é…’åŠ...
2025-08-10 21:05:08 - src.agents.summary_agent - INFO - âœ“ SummaryAgent: Report saved to /root/autodl-tmp/Finance/Financial-MCP-Agent/reports/report_èŒ…å°_600519_20250810_210508.md
2025-08-19 22:28:53 - src.agents.summary_agent - INFO - ğŸ”„ SummaryAgent: Starting to consolidate analyses.
2025-08-19 22:28:53 - src.agents.summary_agent - INFO - ğŸ”„ SummaryAgent: Using model choice: api
2025-08-19 22:28:53 - src.agents.summary_agent - INFO - ğŸ”„ SummaryAgent: Using OpenAI API...
2025-08-19 22:28:53 - src.agents.summary_agent - INFO - ğŸ”„ SummaryAgent: Creating ChatOpenAI with model doubao-1-5-thinking-vision-pro-250428
2025-08-19 22:31:32 - src.agents.summary_agent - INFO - ğŸ”„ SummaryAgent: Starting to consolidate analyses.
2025-08-19 22:31:32 - src.agents.summary_agent - INFO - ğŸ”„ SummaryAgent: Using model choice: api
2025-08-19 22:31:32 - src.agents.summary_agent - INFO - ğŸ”„ SummaryAgent: Using OpenAI API...
2025-08-19 22:31:32 - src.agents.summary_agent - INFO - ğŸ”„ SummaryAgent: Creating ChatOpenAI with model doubao-1-5-thinking-vision-pro-250428
2025-08-19 22:31:44 - src.agents.summary_agent - INFO - ğŸ”„ SummaryAgent: Starting to consolidate analyses.
2025-08-19 22:31:44 - src.agents.summary_agent - INFO - ğŸ”„ SummaryAgent: Using model choice: api
2025-08-19 22:31:44 - src.agents.summary_agent - INFO - ğŸ”„ SummaryAgent: Using OpenAI API...
2025-08-19 22:31:44 - src.agents.summary_agent - INFO - ğŸ”„ SummaryAgent: Creating ChatOpenAI with model doubao-1-5-thinking-vision-pro-250428
2025-08-19 22:33:25 - src.agents.summary_agent - INFO - æˆªæ–­æŠ¥å‘Šåœ¨æ—¶é—´ä¿¡æ¯è¡Œä¹‹åï¼Œæˆªæ–­ä½ç½®: 4487
2025-08-19 22:33:25 - src.agents.summary_agent - INFO - âœ“ SummaryAgent: Final report generated for èŒ…å° (sh.600519).
2025-08-19 22:33:25 - src.agents.summary_agent - DEBUG - Final report preview: # èŒ…å°(sh.600519) ç»¼åˆåˆ†ææŠ¥å‘Š

## æ‰§è¡Œæ‘˜è¦  
æˆªè‡³åˆ†æåŸºå‡†æ—¥2025-08-19ï¼ŒèŒ…å°æŠ€æœ¯é¢å‘ˆç°**ä¸­æœŸä¸‹è¡Œã€çŸ­æœŸéœ‡è¡ç£¨åº•**ç‰¹å¾ï¼›æ–°é—»é¢ä»¥è¡Œæƒ…ç±»èµ„è®¯ä¸ºä¸»ï¼Œæƒ…ç»ªä¸­æ€§ä½†çŸ­æœŸäº¤æ˜“æƒ…ç»ªä¼ å¯¼é£é™©è¾ƒé«˜ï¼›åŸºæœ¬é¢ä¸ä¼°å€¼åˆ†æå› æ•°æ®è·å–é™åˆ¶å­˜åœ¨ä¿¡æ¯ç¼ºå¤±ã€‚ç»¼åˆæ¥çœ‹ï¼ŒçŸ­æœŸéœ€è­¦æƒ•æƒ…ç»ªé©±åŠ¨çš„æ³¢åŠ¨é£é™©ï¼Œä¸­é•¿æœŸéœ€é”šå®šåŸºæœ¬é¢ï¼ˆä¸šç»©ã€æ”¿ç­–ï¼‰ä¸ä¼°å€¼ä¿®å¤é€»è¾‘ã€‚æŠ•èµ„é£é™©ç­‰çº§æš‚è¯„**ä¸­é«˜é£é™©**ï¼Œé¢„æœŸå›æŠ¥éœ€å¾…åŸºæœ¬é¢/ä¼°å€¼æ•°æ®è¡¥å…¨åæ˜ç¡®ï¼Œå»ºè®®æŠ•èµ„è€…ç»“åˆè‡ªèº«é£é™©æ‰¿å—èƒ½åŠ›è°¨æ…å†³ç­–ã€‚  


## å…¬å¸æ¦‚å†µ  
è´µå·èŒ…å°ï¼ˆè‚¡ç¥¨ä»£ç ï¼šsh.600519ï¼‰æ˜¯**ä¸­å›½ç™½é…’è¡Œä¸šç»å¯¹é¾™å¤´**ï¼Œä¸»è¥é…±é¦™å‹ç™½é…’çš„ç”Ÿäº§ä¸é”€å”®ï¼Œæ ¸å¿ƒäº§å“â€œ...
2025-08-19 22:33:25 - src.agents.summary_agent - INFO - âœ“ SummaryAgent: Report saved to /root/code/Finance/Financial-MCP-Agent/reports/report_èŒ…å°_600519_20250819_223325.md
2025-08-19 22:33:30 - src.agents.summary_agent - INFO - æˆªæ–­æŠ¥å‘Šåœ¨æ—¶é—´ä¿¡æ¯è¡Œä¹‹åï¼Œæˆªæ–­ä½ç½®: 4248
2025-08-19 22:33:30 - src.agents.summary_agent - INFO - âœ“ SummaryAgent: Final report generated for èŒ…å° (sh.600519).
2025-08-19 22:33:30 - src.agents.summary_agent - DEBUG - Final report preview: # è´µå·èŒ…å°(sh.600519) ç»¼åˆåˆ†ææŠ¥å‘Š

## æ‰§è¡Œæ‘˜è¦  
æˆªè‡³åˆ†æåŸºå‡†æ—¥2025-08-19ï¼Œè´µå·èŒ…å°ä½œä¸ºç™½é…’è¡Œä¸šç»å¯¹é¾™å¤´ï¼ŒåŸºæœ¬é¢å±•ç°å¼ºç›ˆåˆ©èƒ½åŠ›ä¸å“ç‰ŒæŠ¤åŸæ²³ï¼ŒæŠ€æœ¯é¢å¤„äºçŸ­æœŸåå¼¹å‘¨æœŸï¼Œä¼°å€¼å¤„äºæ¶ˆè´¹é¾™å¤´åˆç†åŒºé—´ï¼Œæ–°é—»å±‚é¢åæ˜ å¸‚åœºæŒç»­é«˜å…³æ³¨åº¦ä½†ç¼ºä¹åŸºæœ¬é¢è´¨å˜ä¿¡æ¯ã€‚ç»¼åˆæ¥çœ‹ï¼Œ**æŠ•èµ„ä»·å€¼å‘ˆç°â€œé•¿æœŸç¨³å¥ã€çŸ­æœŸåšå¼ˆæ€§å¢å¼ºâ€ç‰¹å¾**ï¼š  
- é£é™©ç­‰çº§ï¼šä¸­ä½é£é™©ï¼ˆé•¿æœŸï¼‰ã€ä¸­é£é™©ï¼ˆçŸ­æœŸï¼‰ï¼›  
- é¢„æœŸå›æŠ¥ï¼šé•¿æœŸï¼ˆ1 - 3å¹´ï¼‰çœ‹ä¸šç»©å¢é•¿ä¸ä¼°å€¼ä¿®å¤ï¼Œé¢„æœŸå¹´åŒ–å›æŠ¥8% - 15%ï¼›çŸ­æœŸï¼ˆ1 - 2æœˆï¼‰çœ‹åå¼¹é«˜åº¦ï¼Œè‹¥çªç ´1500å…ƒé˜»åŠ›ï¼Œé˜¶æ®µå›æŠ¥æˆ–è¾¾5% - 8%ã€‚  


## å…¬å¸æ¦‚å†µ  
è´µå·èŒ…...
2025-08-19 22:33:30 - src.agents.summary_agent - INFO - âœ“ SummaryAgent: Report saved to /root/code/Finance/Financial-MCP-Agent/reports/report_èŒ…å°_600519_20250819_223330.md
2025-08-19 22:36:44 - src.agents.summary_agent - INFO - ğŸ”„ SummaryAgent: Starting to consolidate analyses.
2025-08-19 22:36:44 - src.agents.summary_agent - INFO - ğŸ”„ SummaryAgent: Using model choice: local
2025-08-19 22:36:44 - src.agents.summary_agent - INFO - ğŸ”„ SummaryAgent: Using local FinR1 model...
2025-08-19 22:36:44 - src.agents.summary_agent - INFO - ğŸ”„ Loading FinR1 model from /root/code/self-learn/FinR1...
2025-08-19 22:36:44 - src.agents.summary_agent - ERROR - âœ— Failed to load FinR1 model: Repo id must be in the form 'repo_name' or 'namespace/repo_name': '/root/code/self-learn/FinR1'. Use `repo_type` argument if needed.
2025-08-19 22:36:44 - src.agents.summary_agent - ERROR - âœ— SummaryAgent: Error generating final report: Repo id must be in the form 'repo_name' or 'namespace/repo_name': '/root/code/self-learn/FinR1'. Use `repo_type` argument if needed.
Traceback (most recent call last):
  File "/usr/local/lib/python3.12/dist-packages/transformers/utils/hub.py", line 424, in cached_files
    hf_hub_download(
  File "/usr/local/lib/python3.12/dist-packages/huggingface_hub/utils/_validators.py", line 106, in _inner_fn
    validate_repo_id(arg_value)
  File "/usr/local/lib/python3.12/dist-packages/huggingface_hub/utils/_validators.py", line 154, in validate_repo_id
    raise HFValidationError(
huggingface_hub.errors.HFValidationError: Repo id must be in the form 'repo_name' or 'namespace/repo_name': '/root/code/self-learn/FinR1'. Use `repo_type` argument if needed.

During handling of the above exception, another exception occurred:

Traceback (most recent call last):
  File "/root/code/Finance/Financial-MCP-Agent/src/agents/summary_agent.py", line 427, in summary_agent
    model, tokenizer = load_finr1_model()
                       ^^^^^^^^^^^^^^^^^^
  File "/root/code/Finance/Financial-MCP-Agent/src/agents/summary_agent.py", line 115, in load_finr1_model
    raise e
  File "/root/code/Finance/Financial-MCP-Agent/src/agents/summary_agent.py", line 99, in load_finr1_model
    tokenizer = AutoTokenizer.from_pretrained(model_path)
                ^^^^^^^^^^^^^^^^^^^^^^^^^^^^^^^^^^^^^^^^^
  File "/usr/local/lib/python3.12/dist-packages/transformers/models/auto/tokenization_auto.py", line 946, in from_pretrained
    tokenizer_config = get_tokenizer_config(pretrained_model_name_or_path, **kwargs)
                       ^^^^^^^^^^^^^^^^^^^^^^^^^^^^^^^^^^^^^^^^^^^^^^^^^^^^^^^^^^^^^
  File "/usr/local/lib/python3.12/dist-packages/transformers/models/auto/tokenization_auto.py", line 778, in get_tokenizer_config
    resolved_config_file = cached_file(
                           ^^^^^^^^^^^^
  File "/usr/local/lib/python3.12/dist-packages/transformers/utils/hub.py", line 266, in cached_file
    file = cached_files(path_or_repo_id=path_or_repo_id, filenames=[filename], **kwargs)
           ^^^^^^^^^^^^^^^^^^^^^^^^^^^^^^^^^^^^^^^^^^^^^^^^^^^^^^^^^^^^^^^^^^^^^^^^^^^^^
  File "/usr/local/lib/python3.12/dist-packages/transformers/utils/hub.py", line 471, in cached_files
    _get_cache_file_to_return(path_or_repo_id, filename, cache_dir, revision) for filename in full_filenames
    ^^^^^^^^^^^^^^^^^^^^^^^^^^^^^^^^^^^^^^^^^^^^^^^^^^^^^^^^^^^^^^^^^^^^^^^^^
  File "/usr/local/lib/python3.12/dist-packages/transformers/utils/hub.py", line 134, in _get_cache_file_to_return
    resolved_file = try_to_load_from_cache(path_or_repo_id, full_filename, cache_dir=cache_dir, revision=revision)
                    ^^^^^^^^^^^^^^^^^^^^^^^^^^^^^^^^^^^^^^^^^^^^^^^^^^^^^^^^^^^^^^^^^^^^^^^^^^^^^^^^^^^^^^^^^^^^^^
  File "/usr/local/lib/python3.12/dist-packages/huggingface_hub/utils/_validators.py", line 106, in _inner_fn
    validate_repo_id(arg_value)
  File "/usr/local/lib/python3.12/dist-packages/huggingface_hub/utils/_validators.py", line 154, in validate_repo_id
    raise HFValidationError(
huggingface_hub.errors.HFValidationError: Repo id must be in the form 'repo_name' or 'namespace/repo_name': '/root/code/self-learn/FinR1'. Use `repo_type` argument if needed.
2025-08-19 22:36:44 - src.agents.summary_agent - INFO - âœ— SummaryAgent: Error report saved to /root/code/Finance/Financial-MCP-Agent/reports/error_report_èŒ…å°_600519_20250819_223644.md
2025-08-19 22:47:04 - src.agents.summary_agent - INFO - ğŸ”„ SummaryAgent: Starting to consolidate analyses.
2025-08-19 22:47:04 - src.agents.summary_agent - INFO - ğŸ”„ SummaryAgent: Using model choice: local
2025-08-19 22:47:04 - src.agents.summary_agent - INFO - ğŸ”„ SummaryAgent: Using local FinR1 model...
2025-08-19 22:47:04 - src.agents.summary_agent - INFO - ğŸ”„ Loading FinR1 model from /root/code/self-learn/FinR1...
2025-08-19 22:47:04 - src.agents.summary_agent - ERROR - âœ— Failed to load FinR1 model: Repo id must be in the form 'repo_name' or 'namespace/repo_name': '/root/code/self-learn/FinR1'. Use `repo_type` argument if needed.
2025-08-19 22:47:04 - src.agents.summary_agent - ERROR - âœ— SummaryAgent: Error generating final report: Repo id must be in the form 'repo_name' or 'namespace/repo_name': '/root/code/self-learn/FinR1'. Use `repo_type` argument if needed.
Traceback (most recent call last):
  File "/usr/local/lib/python3.12/dist-packages/transformers/utils/hub.py", line 424, in cached_files
    hf_hub_download(
  File "/usr/local/lib/python3.12/dist-packages/huggingface_hub/utils/_validators.py", line 106, in _inner_fn
    validate_repo_id(arg_value)
  File "/usr/local/lib/python3.12/dist-packages/huggingface_hub/utils/_validators.py", line 154, in validate_repo_id
    raise HFValidationError(
huggingface_hub.errors.HFValidationError: Repo id must be in the form 'repo_name' or 'namespace/repo_name': '/root/code/self-learn/FinR1'. Use `repo_type` argument if needed.

During handling of the above exception, another exception occurred:

Traceback (most recent call last):
  File "/root/code/Finance/Financial-MCP-Agent/src/agents/summary_agent.py", line 427, in summary_agent
    model, tokenizer = load_finr1_model()
                       ^^^^^^^^^^^^^^^^^^
  File "/root/code/Finance/Financial-MCP-Agent/src/agents/summary_agent.py", line 115, in load_finr1_model
    raise e
  File "/root/code/Finance/Financial-MCP-Agent/src/agents/summary_agent.py", line 99, in load_finr1_model
    tokenizer = AutoTokenizer.from_pretrained(model_path)
                ^^^^^^^^^^^^^^^^^^^^^^^^^^^^^^^^^^^^^^^^^
  File "/usr/local/lib/python3.12/dist-packages/transformers/models/auto/tokenization_auto.py", line 946, in from_pretrained
    tokenizer_config = get_tokenizer_config(pretrained_model_name_or_path, **kwargs)
                       ^^^^^^^^^^^^^^^^^^^^^^^^^^^^^^^^^^^^^^^^^^^^^^^^^^^^^^^^^^^^^
  File "/usr/local/lib/python3.12/dist-packages/transformers/models/auto/tokenization_auto.py", line 778, in get_tokenizer_config
    resolved_config_file = cached_file(
                           ^^^^^^^^^^^^
  File "/usr/local/lib/python3.12/dist-packages/transformers/utils/hub.py", line 266, in cached_file
    file = cached_files(path_or_repo_id=path_or_repo_id, filenames=[filename], **kwargs)
           ^^^^^^^^^^^^^^^^^^^^^^^^^^^^^^^^^^^^^^^^^^^^^^^^^^^^^^^^^^^^^^^^^^^^^^^^^^^^^
  File "/usr/local/lib/python3.12/dist-packages/transformers/utils/hub.py", line 471, in cached_files
    _get_cache_file_to_return(path_or_repo_id, filename, cache_dir, revision) for filename in full_filenames
    ^^^^^^^^^^^^^^^^^^^^^^^^^^^^^^^^^^^^^^^^^^^^^^^^^^^^^^^^^^^^^^^^^^^^^^^^^
  File "/usr/local/lib/python3.12/dist-packages/transformers/utils/hub.py", line 134, in _get_cache_file_to_return
    resolved_file = try_to_load_from_cache(path_or_repo_id, full_filename, cache_dir=cache_dir, revision=revision)
                    ^^^^^^^^^^^^^^^^^^^^^^^^^^^^^^^^^^^^^^^^^^^^^^^^^^^^^^^^^^^^^^^^^^^^^^^^^^^^^^^^^^^^^^^^^^^^^^
  File "/usr/local/lib/python3.12/dist-packages/huggingface_hub/utils/_validators.py", line 106, in _inner_fn
    validate_repo_id(arg_value)
  File "/usr/local/lib/python3.12/dist-packages/huggingface_hub/utils/_validators.py", line 154, in validate_repo_id
    raise HFValidationError(
huggingface_hub.errors.HFValidationError: Repo id must be in the form 'repo_name' or 'namespace/repo_name': '/root/code/self-learn/FinR1'. Use `repo_type` argument if needed.
2025-08-19 22:47:04 - src.agents.summary_agent - INFO - âœ— SummaryAgent: Error report saved to /root/code/Finance/Financial-MCP-Agent/reports/error_report_èŒ…å°_600519_20250819_224704.md
2025-08-19 22:49:32 - src.agents.summary_agent - INFO - ğŸ”„ SummaryAgent: Starting to consolidate analyses.
2025-08-19 22:49:32 - src.agents.summary_agent - INFO - ğŸ”„ SummaryAgent: Using model choice: local
2025-08-19 22:49:32 - src.agents.summary_agent - INFO - ğŸ”„ SummaryAgent: Using local FinR1 model...
2025-08-19 22:49:32 - src.agents.summary_agent - INFO - ğŸ”„ Loading FinR1 model from /root/code/Finance/FinR1...
2025-08-19 22:49:40 - src.agents.summary_agent - INFO - âœ“ FinR1 model loaded successfully
2026-01-17 17:59:55 - src.agents.summary_agent - INFO - ğŸ”„ SummaryAgent: Starting to consolidate analyses.
2026-01-17 17:59:55 - src.agents.summary_agent - INFO - ğŸ”„ SummaryAgent: Using model choice: api
2026-01-17 17:59:55 - src.agents.summary_agent - INFO - ğŸ”„ SummaryAgent: Using OpenAI API...
2026-01-17 17:59:55 - src.agents.summary_agent - INFO - ğŸ”„ SummaryAgent: Creating ChatOpenAI with model deepseek-chat
2026-01-17 17:59:55 - src.agents.summary_agent - ERROR - âœ— SummaryAgent: Error generating final report: Error code: 403 - {'error': {'message': 'ä¸»è´¦æˆ·å¯ç”¨ä½™é¢ä¸è¶³ï¼Œæœ¬æ¬¡è¯·æ±‚éœ€è¦å¯ç”¨ä½™é¢å¤§äº 0.03 å…ƒæ‰èƒ½å®Œæˆï¼Œæ‚¨çš„å¯ç”¨ä½™é¢ä¸º -0.03073164 å…ƒ(è¯·æ±‚é¢„å†»ç»“ 0.03073164 å…ƒ)ï¼Œè¯·å……å€¼åå†ä½¿ç”¨', 'type': 'error'}}
Traceback (most recent call last):
  File "D:\Sheyi\ä¸å¸ˆå…„å¤§æ¨¡å‹\è‚¡ç¥¨æŠ•èµ„é¡¾é—®Agent\Finance\Financial-MCP-Agent\src\agents\summary_agent.py", line 414, in summary_agent
    llm_message = await llm.ainvoke(summary_prompt_messages)
  File "E:\Anaconda2\envs\stockagent\lib\site-packages\langchain_core\language_models\chat_models.py", line 405, in ainvoke
    llm_result = await self.agenerate_prompt(
  File "E:\Anaconda2\envs\stockagent\lib\site-packages\langchain_core\language_models\chat_models.py", line 1017, in agenerate_prompt
    return await self.agenerate(
  File "E:\Anaconda2\envs\stockagent\lib\site-packages\langchain_core\language_models\chat_models.py", line 975, in agenerate
    raise exceptions[0]
  File "E:\Anaconda2\envs\stockagent\lib\site-packages\langchain_core\language_models\chat_models.py", line 1145, in _agenerate_with_cache
    result = await self._agenerate(
  File "E:\Anaconda2\envs\stockagent\lib\site-packages\langchain_openai\chat_models\base.py", line 1414, in _agenerate
    response = await self.async_client.create(**payload)
  File "E:\Anaconda2\envs\stockagent\lib\site-packages\openai\resources\chat\completions\completions.py", line 2585, in create
    return await self._post(
  File "E:\Anaconda2\envs\stockagent\lib\site-packages\openai\_base_client.py", line 1794, in post
    return await self.request(cast_to, opts, stream=stream, stream_cls=stream_cls)
  File "E:\Anaconda2\envs\stockagent\lib\site-packages\openai\_base_client.py", line 1594, in request
    raise self._make_status_error_from_response(err.response) from None
openai.PermissionDeniedError: Error code: 403 - {'error': {'message': 'ä¸»è´¦æˆ·å¯ç”¨ä½™é¢ä¸è¶³ï¼Œæœ¬æ¬¡è¯·æ±‚éœ€è¦å¯ç”¨ä½™é¢å¤§äº 0.03 å…ƒæ‰èƒ½å®Œæˆï¼Œæ‚¨çš„å¯ç”¨ä½™é¢ä¸º -0.03073164 å…ƒ(è¯·æ±‚é¢„å†»ç»“ 0.03073164 å…ƒ)ï¼Œè¯·å……å€¼åå†ä½¿ç”¨', 'type': 'error'}}
2026-01-17 17:59:55 - src.agents.summary_agent - INFO - âœ— SummaryAgent: Error report saved to D:\Sheyi\ä¸å¸ˆå…„å¤§æ¨¡å‹\è‚¡ç¥¨æŠ•èµ„é¡¾é—®Agent\Finance\Financial-MCP-Agent\reports\error_report_èŒ…å°_600519_20260117_175955.md
2026-01-17 18:04:59 - src.agents.summary_agent - INFO - ğŸ”„ SummaryAgent: Starting to consolidate analyses.
2026-01-17 18:04:59 - src.agents.summary_agent - INFO - ğŸ”„ SummaryAgent: Using model choice: api
2026-01-17 18:04:59 - src.agents.summary_agent - INFO - ğŸ”„ SummaryAgent: Using OpenAI API...
2026-01-17 18:04:59 - src.agents.summary_agent - INFO - ğŸ”„ SummaryAgent: Creating ChatOpenAI with model deepseek-chat
2026-01-17 18:05:46 - src.agents.summary_agent - INFO - æˆªæ–­æŠ¥å‘Šåœ¨æ—¶é—´ä¿¡æ¯è¡Œä¹‹åï¼Œæˆªæ–­ä½ç½®: 48
2026-01-17 18:05:46 - src.agents.summary_agent - INFO - âœ“ SummaryAgent: Final report generated for èŒ…å° (sh.600519).
2026-01-17 18:05:46 - src.agents.summary_agent - DEBUG - Final report preview: # è´µå·èŒ…å°(sh.600519) ç»¼åˆåˆ†ææŠ¥å‘Š

**åˆ†æåŸºå‡†æ—¥æœŸï¼š2026å¹´01æœˆ17æ—¥**...
2026-01-17 18:05:46 - src.agents.summary_agent - INFO - âœ“ SummaryAgent: Report saved to D:\Sheyi\ä¸å¸ˆå…„å¤§æ¨¡å‹\è‚¡ç¥¨æŠ•èµ„é¡¾é—®Agent\Finance\Financial-MCP-Agent\reports\report_èŒ…å°_600519_20260117_180546.md
2026-01-17 20:28:48 - src.agents.summary_agent - INFO - ğŸ”„ SummaryAgent: Starting to consolidate analyses.
2026-01-17 20:28:48 - src.agents.summary_agent - INFO - ğŸ”„ SummaryAgent: Using model choice: api
2026-01-17 20:28:48 - src.agents.summary_agent - INFO - ğŸ”„ SummaryAgent: Using OpenAI API...
2026-01-17 20:28:48 - src.agents.summary_agent - INFO - ğŸ”„ SummaryAgent: Creating ChatOpenAI with model deepseek-chat
2026-01-17 20:29:55 - src.agents.summary_agent - INFO - æˆªæ–­æŠ¥å‘Šåœ¨æ—¶é—´ä¿¡æ¯è¡Œä¹‹åï¼Œæˆªæ–­ä½ç½®: 48
2026-01-17 20:29:55 - src.agents.summary_agent - INFO - âœ“ SummaryAgent: Final report generated for èŒ…å° (sh.600519).
2026-01-17 20:29:55 - src.agents.summary_agent - DEBUG - Final report preview: # è´µå·èŒ…å°(sh.600519) ç»¼åˆåˆ†ææŠ¥å‘Š

**åˆ†æåŸºå‡†æ—¥æœŸï¼š2026å¹´01æœˆ17æ—¥**...
2026-01-17 20:29:55 - src.agents.summary_agent - INFO - âœ“ SummaryAgent: Report saved to D:\Sheyi\ä¸å¸ˆå…„å¤§æ¨¡å‹\è‚¡ç¥¨æŠ•èµ„é¡¾é—®Agent\Finance\Financial-MCP-Agent\reports\report_èŒ…å°_600519_20260117_202955.md
2026-01-17 20:55:23 - src.agents.summary_agent - INFO - ğŸ”„ SummaryAgent: Starting to consolidate analyses.
2026-01-17 20:55:23 - src.agents.summary_agent - INFO - ğŸ”„ SummaryAgent: Using model choice: api
2026-01-17 20:55:23 - src.agents.summary_agent - INFO - ğŸ”„ SummaryAgent: Using OpenAI API...
2026-01-17 20:55:23 - src.agents.summary_agent - INFO - ğŸ”„ SummaryAgent: Creating ChatOpenAI with model deepseek-chat
2026-01-17 20:56:13 - src.agents.summary_agent - WARNING - æœªæ‰¾åˆ°'åˆ†æåŸºå‡†æ—¶é—´'æ¨¡å¼ï¼Œè¿”å›åŸå§‹æŠ¥å‘Šå†…å®¹
2026-01-17 20:56:13 - src.agents.summary_agent - INFO - âœ“ SummaryAgent: Final report generated for èŒ…å° (sh.600519).
2026-01-17 20:56:13 - src.agents.summary_agent - DEBUG - Final report preview: # è´µå·èŒ…å°(sh.600519) ç»¼åˆåˆ†ææŠ¥å‘Š

**åˆ†æåŸºå‡†æ—¥æœŸï¼š2026å¹´01æœˆ17æ—¥ æ˜ŸæœŸå…­ 20:53:00**

## æ‰§è¡Œæ‘˜è¦

åŸºäº2026å¹´1æœˆ17æ—¥çš„ç»¼åˆåˆ†æï¼Œè´µå·èŒ…å°ä½œä¸ºç™½é…’è¡Œä¸šé¾™å¤´ï¼ŒåŸºæœ¬é¢ç¨³å¥ï¼Œå“ç‰ŒæŠ¤åŸæ²³æ·±åšï¼Œä½†çŸ­æœŸé¢ä¸´æŠ€æœ¯é¢è°ƒæ•´å‹åŠ›ã€‚å½“å‰è‚¡ä»·1,382å…ƒï¼Œè¾ƒ20æ—¥å‡çº¿ä¸‹è·Œ1.91%ã€‚å»ºè®®**è°¨æ…ä¹è§‚**ï¼Œé£é™©ç­‰çº§**ä¸­ç­‰**ï¼Œé¢„æœŸä¸­é•¿æœŸå›æŠ¥**ç¨³å®šå¢é•¿**ã€‚

**æŠ•èµ„å»ºè®®ï¼š** é€‚åˆé•¿æœŸä»·å€¼æŠ•èµ„è€…åˆ†æ‰¹å»ºä»“ï¼ŒçŸ­æœŸæŠ•èµ„è€…å»ºè®®è§‚æœ›ç­‰å¾…æ˜ç¡®çªç ´ä¿¡å·ã€‚

## å…¬å¸æ¦‚å†µ

è´µå·èŒ…å°æ˜¯ä¸­å›½ç™½é…’è¡Œä¸šé¾™å¤´ä¼ä¸šï¼Œä¸»è¥ä¸šåŠ¡ä¸ºèŒ…å°é…’åŠç³»åˆ—é…’çš„ç”Ÿäº§å’Œé”€å”®ã€‚å…¬å¸å…·æœ‰æé«˜çš„å“ç‰ŒæŠ¤åŸæ²³å’Œå®šä»·æƒï¼Œ...
2026-01-17 20:56:13 - src.agents.summary_agent - INFO - âœ“ SummaryAgent: Report saved to D:\Sheyi\ä¸å¸ˆå…„å¤§æ¨¡å‹\è‚¡ç¥¨æŠ•èµ„é¡¾é—®Agent\Finance\Financial-MCP-Agent\reports\report_èŒ…å°_600519_20260117_205613.md
2026-01-17 21:50:16 - src.agents.summary_agent - INFO - ğŸ”„ SummaryAgent: Starting to consolidate analyses.
2026-01-17 21:50:16 - src.agents.summary_agent - INFO - ğŸ”„ SummaryAgent: Using model choice: api
2026-01-17 21:50:16 - src.agents.summary_agent - INFO - ğŸ”„ SummaryAgent: Using OpenAI API...
2026-01-17 21:50:16 - src.agents.summary_agent - INFO - ğŸ”„ SummaryAgent: Creating ChatOpenAI with model qwen-max
2026-01-17 21:51:59 - src.agents.summary_agent - WARNING - æœªæ‰¾åˆ°'åˆ†æåŸºå‡†æ—¶é—´'æ¨¡å¼ï¼Œè¿”å›åŸå§‹æŠ¥å‘Šå†…å®¹
2026-01-17 21:51:59 - src.agents.summary_agent - INFO - âœ“ SummaryAgent: Final report generated for èŒ…å° (sh.600519).
2026-01-17 21:51:59 - src.agents.summary_agent - DEBUG - Final report preview: # è´µå·èŒ…å° (sh.600519) ç»¼åˆåˆ†ææŠ¥å‘Š

## æ‰§è¡Œæ‘˜è¦
è´µå·èŒ…å°ï¼ˆè‚¡ç¥¨ä»£ç ï¼šsh.600519ï¼‰æ˜¯ä¸­å›½è‘—åçš„ç™½é…’ç”Ÿäº§å•†ï¼Œå±äºé£Ÿå“é¥®æ–™è¡Œä¸šçš„ç™½é…’å­è¡Œä¸šã€‚ç”±äºæ•°æ®è·å–é—®é¢˜ï¼Œæˆ‘ä»¬æœªèƒ½è·å¾—æœ€æ–°çš„è´¢åŠ¡æŠ¥è¡¨å’Œå†å²Kçº¿æ•°æ®ã€‚åŸºäºç°æœ‰ä¿¡æ¯ï¼ŒåŸºæœ¬é¢å’ŒæŠ€æœ¯é¢åˆ†æéš¾ä»¥è¿›è¡Œè¯¦ç»†è¯„ä¼°ã€‚æ–°é—»åˆ†ææ˜¾ç¤ºè¿‘æœŸæœ‰ä¸€äº›è½»å¾®è´Ÿé¢æ¶ˆæ¯ï¼Œå¦‚æ‰¹å‘ä»·ä¸‹è·Œå’Œèµ„é‡‘æµå‡ºï¼Œä½†è¿™äº›çŸ­æœŸæ³¢åŠ¨ä¸åº”è¿‡åˆ†æ‹…å¿§ã€‚ç»¼åˆæ¥çœ‹ï¼Œå»ºè®®é•¿æœŸæŠ•èµ„è€…ç»§ç»­æŒæœ‰ï¼ŒçŸ­æœŸäº¤æ˜“è€…éœ€å¯†åˆ‡å…³æ³¨å¸‚åœºåŠ¨æ€ã€‚

## å…¬å¸æ¦‚å†µ
è´µå·èŒ…å°æ˜¯ä¸­å›½è‘—åçš„ç™½é…’ç”Ÿäº§å•†ï¼Œä¸»è¦äº§å“ä¸ºèŒ…å°é…’ï¼Œå±äºé«˜ç«¯ç™½é…’å¸‚åœºã€‚å…¬å¸åœ¨ä¸­å›½ç™½é…’è¡Œä¸šä¸­å…·æœ‰æ˜¾è‘—çš„å¸‚åœºåœ°ä½å’Œå“ç‰Œå½±å“åŠ›ã€‚

## åŸºæœ¬é¢åˆ†æ
### 1....
2026-01-17 21:51:59 - src.agents.summary_agent - INFO - âœ“ SummaryAgent: Report saved to D:\Sheyi\ä¸å¸ˆå…„å¤§æ¨¡å‹\è‚¡ç¥¨æŠ•èµ„é¡¾é—®Agent\Finance\Financial-MCP-Agent\reports\report_èŒ…å°_600519_20260117_215159.md
2026-01-17 21:57:34 - src.agents.summary_agent - INFO - ğŸ”„ SummaryAgent: Starting to consolidate analyses.
2026-01-17 21:57:34 - src.agents.summary_agent - INFO - ğŸ”„ SummaryAgent: Using model choice: api
2026-01-17 21:57:34 - src.agents.summary_agent - INFO - ğŸ”„ SummaryAgent: Using OpenAI API...
2026-01-17 21:57:34 - src.agents.summary_agent - INFO - ğŸ”„ SummaryAgent: Creating ChatOpenAI with model deepseek-chat
2026-01-17 21:57:34 - src.agents.summary_agent - ERROR - âœ— SummaryAgent: Error generating final report: Error code: 404 - {'error': {'message': 'The model `deepseek-chat` does not exist or you do not have access to it.', 'type': 'invalid_request_error', 'param': None, 'code': 'model_not_found'}, 'request_id': 'dd54fc12-1154-9082-9681-95a26f552cae'}
Traceback (most recent call last):
  File "D:\Sheyi\ä¸å¸ˆå…„å¤§æ¨¡å‹\è‚¡ç¥¨æŠ•èµ„é¡¾é—®Agent\Finance\Financial-MCP-Agent\src\agents\summary_agent.py", line 414, in summary_agent
    llm_message = await llm.ainvoke(summary_prompt_messages)
  File "E:\Anaconda2\envs\stockagent\lib\site-packages\langchain_core\language_models\chat_models.py", line 405, in ainvoke
    llm_result = await self.agenerate_prompt(
  File "E:\Anaconda2\envs\stockagent\lib\site-packages\langchain_core\language_models\chat_models.py", line 1017, in agenerate_prompt
    return await self.agenerate(
  File "E:\Anaconda2\envs\stockagent\lib\site-packages\langchain_core\language_models\chat_models.py", line 975, in agenerate
    raise exceptions[0]
  File "E:\Anaconda2\envs\stockagent\lib\site-packages\langchain_core\language_models\chat_models.py", line 1145, in _agenerate_with_cache
    result = await self._agenerate(
  File "E:\Anaconda2\envs\stockagent\lib\site-packages\langchain_openai\chat_models\base.py", line 1414, in _agenerate
    response = await self.async_client.create(**payload)
  File "E:\Anaconda2\envs\stockagent\lib\site-packages\openai\resources\chat\completions\completions.py", line 2585, in create
    return await self._post(
  File "E:\Anaconda2\envs\stockagent\lib\site-packages\openai\_base_client.py", line 1794, in post
    return await self.request(cast_to, opts, stream=stream, stream_cls=stream_cls)
  File "E:\Anaconda2\envs\stockagent\lib\site-packages\openai\_base_client.py", line 1594, in request
    raise self._make_status_error_from_response(err.response) from None
openai.NotFoundError: Error code: 404 - {'error': {'message': 'The model `deepseek-chat` does not exist or you do not have access to it.', 'type': 'invalid_request_error', 'param': None, 'code': 'model_not_found'}, 'request_id': 'dd54fc12-1154-9082-9681-95a26f552cae'}
2026-01-17 21:57:34 - src.agents.summary_agent - INFO - âœ— SummaryAgent: Error report saved to D:\Sheyi\ä¸å¸ˆå…„å¤§æ¨¡å‹\è‚¡ç¥¨æŠ•èµ„é¡¾é—®Agent\Finance\Financial-MCP-Agent\reports\error_report_èŒ…å°_600519_20260117_215734.md
2026-01-17 22:05:26 - src.agents.summary_agent - INFO - ğŸ”„ SummaryAgent: Starting to consolidate analyses.
2026-01-17 22:05:26 - src.agents.summary_agent - INFO - ğŸ”„ SummaryAgent: Using model choice: api
2026-01-17 22:05:26 - src.agents.summary_agent - INFO - ğŸ”„ SummaryAgent: Using OpenAI API...
2026-01-17 22:05:26 - src.agents.summary_agent - INFO - ğŸ”„ SummaryAgent: Creating ChatOpenAI with model deepseek-chat
2026-01-17 22:06:37 - src.agents.summary_agent - WARNING - æœªæ‰¾åˆ°'åˆ†æåŸºå‡†æ—¶é—´'æ¨¡å¼ï¼Œè¿”å›åŸå§‹æŠ¥å‘Šå†…å®¹
2026-01-17 22:06:37 - src.agents.summary_agent - INFO - âœ“ SummaryAgent: Final report generated for èŒ…å° (sh.600519).
2026-01-17 22:06:37 - src.agents.summary_agent - DEBUG - Final report preview: # è´µå·èŒ…å°(sh.600519) ç»¼åˆåˆ†ææŠ¥å‘Š

**åˆ†æåŸºå‡†æ—¥æœŸï¼š2026å¹´01æœˆ17æ—¥**

## æ‰§è¡Œæ‘˜è¦

åŸºäº2026å¹´1æœˆ17æ—¥çš„ç»¼åˆåˆ†æï¼Œè´µå·èŒ…å°ä½œä¸ºä¸­å›½ç™½é…’è¡Œä¸šé¾™å¤´ä¼ä¸šï¼ŒåŸºæœ¬é¢ç¨³å¥ï¼Œå“ç‰ŒæŠ¤åŸæ²³æ·±åšã€‚è¿‘æœŸæ¨å‡ºçš„å¸‚åœºåŒ–æ”¹é©æ–¹æ¡ˆä¸ºé•¿æœŸå‘å±•æ³¨å…¥æ–°åŠ¨åŠ›ï¼Œä½†éœ€å…³æ³¨ä¼°å€¼æ°´å¹³å’Œè¡Œä¸šå‘¨æœŸé£é™©ã€‚å»ºè®®**è°¨æ…ä¹è§‚**ï¼Œé£é™©ç­‰çº§**ä¸­ç­‰**ï¼Œé¢„æœŸå¹´åŒ–å›æŠ¥**8-12%**ã€‚

## å…¬å¸æ¦‚å†µ

è´µå·èŒ…å°æ˜¯ä¸­å›½ç™½é…’è¡Œä¸šçš„ç»å¯¹é¾™å¤´ä¼ä¸šï¼Œä¸»è¥ä¸šåŠ¡ä¸ºèŒ…å°é…’ç³»åˆ—äº§å“çš„ç”Ÿäº§ä¸é”€å”®ã€‚å…¬å¸æ‹¥æœ‰æé«˜çš„å“ç‰Œä»·å€¼å’Œå®šä»·æƒï¼Œåœ¨é«˜ç«¯ç™½é…’å¸‚åœºå æ®ä¸»å¯¼åœ°ä½ã€‚ä½œä¸ºAè‚¡å¸‚åœºçš„æ ‡æ†æ€§ä¼ä¸šï¼ŒèŒ…å°å…·æœ‰æ·±åšçš„å“ç‰ŒæŠ¤åŸæ²³å’Œç¨³å®šçš„ç›ˆåˆ©èƒ½åŠ›ã€‚

...
2026-01-17 22:06:37 - src.agents.summary_agent - INFO - âœ“ SummaryAgent: Report saved to D:\Sheyi\ä¸å¸ˆå…„å¤§æ¨¡å‹\è‚¡ç¥¨æŠ•èµ„é¡¾é—®Agent\Finance\Financial-MCP-Agent\reports\report_èŒ…å°_600519_20260117_220637.md
2026-01-20 17:13:55 - src.agents.summary_agent - INFO - ğŸ”„ SummaryAgent: Starting to consolidate analyses.
2026-01-20 17:13:55 - src.agents.summary_agent - INFO - ğŸ”„ SummaryAgent: Using model choice: api
2026-01-20 17:13:55 - src.agents.summary_agent - INFO - ğŸ”„ SummaryAgent: Using OpenAI API...
2026-01-20 17:13:55 - src.agents.summary_agent - INFO - ğŸ”„ SummaryAgent: Creating ChatOpenAI with model deepseek-chat
2026-01-20 17:14:41 - src.agents.summary_agent - WARNING - æœªæ‰¾åˆ°'åˆ†æåŸºå‡†æ—¶é—´'æ¨¡å¼ï¼Œè¿”å›åŸå§‹æŠ¥å‘Šå†…å®¹
2026-01-20 17:14:41 - src.agents.summary_agent - INFO - âœ“ SummaryAgent: Final report generated for æ¹–å—ç™½é“¶ (sz.002716).
2026-01-20 17:14:41 - src.agents.summary_agent - DEBUG - Final report preview: # æ¹–å—ç™½é“¶(sz.002716) ç»¼åˆåˆ†ææŠ¥å‘Š

**åˆ†æåŸºå‡†æ—¥æœŸï¼š2026å¹´01æœˆ20æ—¥**

## æ‰§è¡Œæ‘˜è¦

åŸºäº2026å¹´1æœˆ20æ—¥çš„ç»¼åˆåˆ†æï¼Œæ¹–å—ç™½é“¶å½“å‰å‘ˆç°å¼ºåŠ²çš„æŠ€æœ¯èµ°åŠ¿å’Œç§¯æçš„æ–°é—»é¢æ”¯æ’‘ï¼Œä½†åŸºæœ¬é¢æ•°æ®è·å–å­˜åœ¨é™åˆ¶ã€‚è¯¥è‚¡ç¥¨åœ¨è¿‡å»6ä¸ªæœˆå†…æ¶¨å¹…è¶…è¿‡133%ï¼Œæ˜¾ç¤ºå¼ºçƒˆçš„å¤šå¤´è¶‹åŠ¿ã€‚è€ƒè™‘åˆ°è´µé‡‘å±è¡Œä¸šçš„å‘¨æœŸæ€§ç‰¹å¾å’Œå…¬å¸ä¸šç»©çš„æŒç»­å¢é•¿ï¼Œç»™äºˆ**ä¸­ç­‰é£é™©ã€è°¨æ…ä¹è§‚**çš„æŠ•èµ„è¯„çº§ï¼Œé¢„æœŸçŸ­æœŸå†…æœ‰5-15%çš„ä¸Šæ¶¨ç©ºé—´ã€‚

## å…¬å¸æ¦‚å†µ

æ¹–å—ç™½é“¶ä¸»è¦ä»äº‹ç™½é“¶åŠç›¸å…³æœ‰è‰²é‡‘å±çš„å¼€é‡‡ã€å†¶ç‚¼å’Œé”€å”®ä¸šåŠ¡ï¼Œæ˜¯åŒºåŸŸæ€§ç™½é“¶ç”Ÿäº§ä¼ä¸šã€‚å…¬å¸æ ¸å¿ƒäº§å“"é‡‘è´µç‰Œ"é«˜çº¯é“¶é”­å·²è·å¾—å›½é™…è®¤è¯ï¼Œè¿œé”€æ¬§ç¾ã€æ—¥éŸ©ç­‰å›½é™…å¸‚åœºã€‚ä½œä¸ºè´µé‡‘å±è¡Œ...
2026-01-20 17:14:41 - src.agents.summary_agent - INFO - âœ“ SummaryAgent: Report saved to D:\Sheyi\ä¸å¸ˆå…„å¤§æ¨¡å‹\è‚¡ç¥¨æŠ•èµ„é¡¾é—®Agent\Finance\Financial-MCP-Agent\reports\report_æ¹–å—ç™½é“¶_002716_20260120_171441.md
